// Jest Snapshot v1, https://goo.gl/fbAQLP

exports[`Test 404 page 1`] = `
<DocumentFragment>
  <div>
    404! - 
    <a
      href="/"
    >
      Dashboard
    </a>
  </div>
</DocumentFragment>
`;
